 Name        Description      Value                         
 Very Long…  This is a very…  123456789                     
 Another L…  Another long d…  987654321                     
                                                            
                                                            