
[TestNew/0-width-height - 1]

---

[TestNew/basic-selector - 1]
 > type to filter                                                               
                                                                                
 Name   Description                                                             
 item1  description 1                                                           
 item2  description 2                                                           
 item3  description 3                                                           
---

[TestNew/empty-list - 1]
 > type to filter                                                               
                                                                                
                                no results found                                
---
