
[TestNew/0-width-height - 1]

---

[TestNew/basic-selector - 1]
[m [m> [m[7mt[m[2mype to filter[m[2m                                                            [m   [m
[m                                                                                [m
[m[m[m [1mName [m  [1mDescription                                                            [m [m[m[m
[m[m[m[1m item1  description 1                                                           [m[m[m[m
[m[m[m item2  description 2                                                           [m[m[m
[m[m[m item3  description 3                                                           [m[m[m
---

[TestNew/empty-list - 1]
[m [m> [m[7mt[m[2mype to filter[m[2m                                                            [m   [m
[m                                                                                [m
[m[m                               [m[m [m[mno results found[m[m [m[m                               [m[m
---
