
[TestNew/0-width-height - 1]

---

[TestNew/basic-viewport - 1]
 test content                                                                   
 line 2                                                                         
 line 3                                                                         
                                                                                
                                                                                
                                                                                
                                                                                
                                                                                
                                                                                
                                                                                
                                                                                
                                                                                
                                                                                
                                                                                
                                                                                
                                                                                
                                                                                
                                                                                
                                                                                
                                                                                
                                                                                
                                                                                
                                                                                
                                                                                
---

[TestNew/code-content - 1]
 func test() {                                                                  
     return true                                                                
 }                                                                              
                                                                                
                                                                                
                                                                                
                                                                                
                                                                                
                                                                                
                                                                                
                                                                                
                                                                                
                                                                                
                                                                                
                                                                                
                                                                                
                                                                                
                                                                                
                                                                                
                                                                                
                                                                                
                                                                                
                                                                                
                                                                                
---

[TestNew/content-larger-than-height - 1]
 test content                                                                  ┃
 test content                                                                  ┃
 test content                                                                  ┃
 test content                                                                  ┃
 test content                                                                  ┃
 test content                                                                  ┃
 test content                                                                  ┃
 test content                                                                  ┃
 test content                                                                  ┃
 test content                                                                  ┃
 test content                                                                  ┃
 test content                                                                  ┃
 test content                                                                  ┃
 test content                                                                  ┃
 test content                                                                  ┃
 test content                                                                  ┃
 test content                                                                  ┃
 test content                                                                  ┃
 test content                                                                  ┃
 test content                                                                  ┃
 test content                                                                  ┃
 test content                                                                  ┃
 test content                                                                  ┃
 test content                                                                  ┃
---

[TestNew/content-larger-than-height-at-bottom - 1]
 test content                                                                  ┃
 test content                                                                  ┃
 test content                                                                  ┃
 test content                                                                  ┃
 test content                                                                  ┃
 test content                                                                  ┃
 test content                                                                  ┃
 test content                                                                  ┃
 test content                                                                  ┃
 test content                                                                  ┃
 test content                                                                  ┃
 test content                                                                  ┃
 test content                                                                  ┃
 test content                                                                  ┃
 test content                                                                  ┃
 test content                                                                  ┃
 test content                                                                  ┃
 test content                                                                  ┃
 test content                                                                  ┃
 test content                                                                  ┃
 test content                                                                  ┃
 test content                                                                  ┃
 test content                                                                  ┃
 test content                                                                  ┃
---

[TestNew/empty-content - 1]
                                                                                
                                                                                
                                                                                
                                                                                
                                                                                
                                                                                
                                                                                
                                                                                
                                                                                
                                                                                
                                                                                
                                                                                
                                                                                
                                                                                
                                                                                
                                                                                
                                                                                
                                                                                
                                                                                
                                                                                
                                                                                
                                                                                
                                                                                
                                                                                
---

[TestNew/json-content - 1]
 {                                                                              
     "name": "test",                                                            
     "value": 123                                                               
 }                                                                              
                                                                                
                                                                                
                                                                                
                                                                                
                                                                                
                                                                                
                                                                                
                                                                                
                                                                                
                                                                                
                                                                                
                                                                                
                                                                                
                                                                                
                                                                                
                                                                                
                                                                                
                                                                                
                                                                                
                                                                                
---
