                                                                                
                                                                                
                                                                                
                                                                                
                                                                                
                                                                                
                                                                                
                                                                                
                                                                                
                                                                                
                                                                                
                     1 errors ⫻⫻⫻⫻⫻⫻⫻⫻⫻⫻⫻⫻⫻⫻⫻⫻⫻⫻⫻⫻⫻⫻⫻⫻⫻⫻⫻⫻                      
                     ⚠ 1 error(s) not shown (screen size)                       
                                                                                
                                                                                
                                                                                
                                                                                
                                                                                
                                                                                
                                                                                
                                                                                
                                                                                
                                                                                
                                                                                