 > type to filter                                                               
                                                                                
 Name   Description                                                             
 item1  description 1                                                           
 item2  description 2                                                           