…ng Description Column                                …
… a very long description for item 0 that will cause …┃
… a very long description for item 1 that will cause …┃
… a very long description for item 2 that will cause …┃
… a very long description for item 3 that will cause …┃
… a very long description for item 4 that will cause …┃
… a very long description for item 5 that will cause …┃
… a very long description for item 6 that will cause …┃
… a very long description for item 7 that will cause …┃
… a very long description for item 8 that will cause …┃