 Name    Value                
 item0   value0              ┃
 item1   value1              ┃
 item2   value2              ┃
 item3   value3              ┃
 item4   value4              ┃
 item5   value5              ┃
 item6   value6              ┃
 item7   value7              ┃
 item8   value8              ┃
 item9   value9              ┃
 item10  value10             ┃
 item11  value11             ┃
 item12  value12             ┃
 item13  value13             ┃
 item14  value14             ┃
 item15  value15             ┃
 item16  value16             ┃
 item17  value17             ┃
 item18  value18             ┃
 item19  value19             ┃
 item20  value20             ┃
 item21  value21             ┃
 item22  value22             ┃