 Name    Value                
 item6   value6              ┃
 item7   value7              ┃
 item8   value8              ┃
 item9   value9              ┃
 item10  value10             ┃
 item11  value11             ┃
 item12  value12             ┃
 item13  value13             ┃
 item14  value14             ┃
 item15  value15             ┃
 item16  value16             ┃
 item17  value17             ┃
 item18  value18             ┃
 item19  value19             ┃
 item20  value20             ┃
 item21  value21             ┃
 item22  value22             ┃
 item23  value23             ┃
 item24  value24             ┃
 item25  value25             ┃
 item26  value26             ┃
 item27  value27             ┃
 item28  value28             ┃