╭─[TL]───────────────────────[TM]───────────────────────[TR]─╮
│Content                                                     │
│with all embedded texts                                     │
│                                                            │
│                                                            │
│                                                            │
│                                                            │
│                                                            │
│                                                            │
│                                                            │
│                                                            │
╰─[BL]───────────────────────[BM]───────────────────────[BR]─╯