╭────────────────────────────────────────────────────────────╮
│Content with special chars: !@#$%^&*()                      │
│And more: []{}|\:;"'<>?,./                                  │
│                                                            │
│                                                            │
│                                                            │
│                                                            │
│                                                            │
│                                                            │
│                                                            │
│                                                            │
╰────────────────────────────────────────────────────────────╯