╭────────────────────────────────────────────────────────────╮
│Content                                                     │
│with empty embedded texts                                   │
│                                                            │
│                                                            │
│                                                            │
│                                                            │
│                                                            │
│                                                            │
│                                                            │
│                                                            │
╰────────────────────────────────────────────────────────────╯