╭────────────────────────────────────────────────────────────╮
│This is a longer content                                    │
│with multiple lines                                         │
│for testing borders                                         │
│                                                            │
│                                                            │
│                                                            │
│                                                            │
│                                                            │
│                                                            │
│                                                            │
╰────────────────────────────────────────────────────────────╯