╭─[VERY_LONG_TOP_LEFT_TEXT][VERY_LONG_TOP_MIDDLE_TEXT][VERY_L╮
│Content                                                     │
│with long embedded texts                                    │
│                                                            │
│                                                            │
│                                                            │
│                                                            │
│                                                            │
│                                                            │
│                                                            │
│                                                            │
╰─[VERY_LONG_BOTTOM_LEFT_TEXT][VERY_LONG_BOTTOM_MIDDLE_TEXT][╯