╭─[MANUAL_TL]─────────────[MANUAL_TM]────────────[MANUAL_TR]─╮
│Content                                                     │
│with manual embedded text                                   │
│                                                            │
│                                                            │
│                                                            │
│                                                            │
│                                                            │
│                                                            │
│                                                            │
│                                                            │
╰─[MANUAL_BL]─────────────[MANUAL_BM]────────────[MANUAL_BR]─╯