╭────────────────────────────[TM]────────────────────────────╮
│Mixed: Hello 🚀 World 🌟                                    │
│More: Test 🎉 Content                                       │
│                                                            │
│                                                            │
│                                                            │
│                                                            │
│                                                            │
│                                                            │
│                                                            │
│                                                            │
╰────────────────────────────────────────────────────────────╯