╭─[TL]──────────────────────────────────────────────────[TR]─╮
│Content                                                     │
│with partial embedded texts                                 │
│                                                            │
│                                                            │
│                                                            │
│                                                            │
│                                                            │
│                                                            │
│                                                            │
│                                                            │
╰─[BL]───────────────────────────────────────────────────────╯