╭─[TL]───────────────────────────────────────────────────────╮
│Content                                                     │
│with embedded text                                          │
│                                                            │
│                                                            │
│                                                            │
│                                                            │
│                                                            │
│                                                            │
│                                                            │
│                                                            │
╰────────────────────────────────────────────────────────────╯