╭────────────────────────────────────────────────────────────╮
│This is an extremely wide line that should test how the     │
│border handles very long content without line breaks        │
│                                                            │
│                                                            │
│                                                            │
│                                                            │
│                                                            │
│                                                            │
│                                                            │
│                                                            │
╰────────────────────────────────────────────────────────────╯