╭────────────────────────────────────────────────────────────╮
│This is a very wide content that should test border         │
│rendering with long lines                                   │
│                                                            │
│                                                            │
│                                                            │
│                                                            │
│                                                            │
│                                                            │
│                                                            │
│                                                            │
╰────────────────────────────────────────────────────────────╯