
[TestNew/0-width-height - 1]
 mock-page //////////////////////////////////////////////////// : cmds • ? help 
---

[TestNew/basic-infobar - 1]
 mock-page //////////////////////////////////////////////////// : cmds • ? help 
---

[TestNew/small-dimensions - 1]
 mock-page //////////////////////////////////////////////////// : cmds • ? help 
---
