
[TestBorder/all-embedded-texts - 1]
╭─[TL]───────────────────────[TM]───────────────────────[TR]─╮
│Content                                                     │
│with all embedded texts                                     │
│                                                            │
│                                                            │
│                                                            │
│                                                            │
│                                                            │
│                                                            │
│                                                            │
│                                                            │
╰─[BL]───────────────────────[BM]───────────────────────[BR]─╯
---

[TestBorder/all-embedded-texts-with-gradient - 1]
╭─[TL]───────────────────────[TM]───────────────────────[TR]─╮
│Content                                                     │
│with all embedded texts                                     │
│                                                            │
│                                                            │
│                                                            │
│                                                            │
│                                                            │
│                                                            │
│                                                            │
│                                                            │
╰─[BL]───────────────────────[BM]───────────────────────[BR]─╯
---

[TestBorder/basic-border-with-gradient - 1]
╭────────────────────────────────────────────────────────────╮
│Hello                                                       │
│World                                                       │
│                                                            │
│                                                            │
│                                                            │
│                                                            │
│                                                            │
│                                                            │
│                                                            │
│                                                            │
╰────────────────────────────────────────────────────────────╯
---

[TestBorder/basic-border-with-static-color - 1]
╭────────────────────────────────────────────────────────────╮
│Hello                                                       │
│World                                                       │
│                                                            │
│                                                            │
│                                                            │
│                                                            │
│                                                            │
│                                                            │
│                                                            │
│                                                            │
╰────────────────────────────────────────────────────────────╯
---

[TestBorder/bottom-left-embedded-text - 1]
╭────────────────────────────────────────────────────────────╮
│Content                                                     │
│with embedded text                                          │
│                                                            │
│                                                            │
│                                                            │
│                                                            │
│                                                            │
│                                                            │
│                                                            │
│                                                            │
╰─[BL]───────────────────────────────────────────────────────╯
---

[TestBorder/bottom-middle-embedded-text - 1]
╭────────────────────────────────────────────────────────────╮
│Content                                                     │
│with embedded text                                          │
│                                                            │
│                                                            │
│                                                            │
│                                                            │
│                                                            │
│                                                            │
│                                                            │
│                                                            │
╰────────────────────────────[BM]────────────────────────────╯
---

[TestBorder/bottom-right-embedded-text - 1]
╭────────────────────────────────────────────────────────────╮
│Content                                                     │
│with embedded text                                          │
│                                                            │
│                                                            │
│                                                            │
│                                                            │
│                                                            │
│                                                            │
│                                                            │
│                                                            │
╰───────────────────────────────────────────────────────[BR]─╯
---

[TestBorder/content-with-special-chars - 1]
╭────────────────────────────────────────────────────────────╮
│Content with special chars: !@#$%^&*()                      │
│And more: []{}|\:;"'<>?,./                                  │
│                                                            │
│                                                            │
│                                                            │
│                                                            │
│                                                            │
│                                                            │
│                                                            │
│                                                            │
╰────────────────────────────────────────────────────────────╯
---

[TestBorder/empty-content - 1]
╭────────────────────────────────────────────────────────────╮
│                                                            │
│                                                            │
│                                                            │
│                                                            │
│                                                            │
│                                                            │
│                                                            │
│                                                            │
│                                                            │
│                                                            │
╰────────────────────────────────────────────────────────────╯
---

[TestBorder/empty-embedded-texts - 1]
╭────────────────────────────────────────────────────────────╮
│Content                                                     │
│with empty embedded texts                                   │
│                                                            │
│                                                            │
│                                                            │
│                                                            │
│                                                            │
│                                                            │
│                                                            │
│                                                            │
╰────────────────────────────────────────────────────────────╯
---

[TestBorder/empty-lines-content - 1]
╭────────────────────────────────────────────────────────────╮
│First line                                                  │
│                                                            │
│Third line                                                  │
│                                                            │
│Fifth line                                                  │
│                                                            │
│                                                            │
│                                                            │
│                                                            │
│                                                            │
╰────────────────────────────────────────────────────────────╯
---

[TestBorder/large-content - 1]
╭────────────────────────────────────────────────────────────╮
│This is a longer content                                    │
│with multiple lines                                         │
│for testing borders                                         │
│                                                            │
│                                                            │
│                                                            │
│                                                            │
│                                                            │
│                                                            │
│                                                            │
╰────────────────────────────────────────────────────────────╯
---

[TestBorder/long-embedded-texts - 1]
╭─[VERY_LONG_TOP_LEFT_TEXT][VERY_LONG_TOP_MIDDLE_TEXT][VERY_L╮
│Content                                                     │
│with long embedded texts                                    │
│                                                            │
│                                                            │
│                                                            │
│                                                            │
│                                                            │
│                                                            │
│                                                            │
│                                                            │
╰─[VERY_LONG_BOTTOM_LEFT_TEXT][VERY_LONG_BOTTOM_MIDDLE_TEXT][╯
---

[TestBorder/manual-embedded-text - 1]
╭─[MANUAL_TL]─────────────[MANUAL_TM]────────────[MANUAL_TR]─╮
│Content                                                     │
│with manual embedded text                                   │
│                                                            │
│                                                            │
│                                                            │
│                                                            │
│                                                            │
│                                                            │
│                                                            │
│                                                            │
╰─[MANUAL_BL]─────────────[MANUAL_BM]────────────[MANUAL_BR]─╯
---

[TestBorder/manual-embedded-text-with-gradient - 1]
╭─[MANUAL_TL]─────────────[MANUAL_TM]────────────[MANUAL_TR]─╮
│Content                                                     │
│with manual embedded text                                   │
│                                                            │
│                                                            │
│                                                            │
│                                                            │
│                                                            │
│                                                            │
│                                                            │
│                                                            │
╰─[MANUAL_BL]─────────────[MANUAL_BM]────────────[MANUAL_BR]─╯
---

[TestBorder/mixed-unicode-and-text - 1]
╭────────────────────────────[TM]────────────────────────────╮
│Mixed: Hello 🚀 World 🌟                                    │
│More: Test 🎉 Content                                       │
│                                                            │
│                                                            │
│                                                            │
│                                                            │
│                                                            │
│                                                            │
│                                                            │
│                                                            │
╰────────────────────────────────────────────────────────────╯
---

[TestBorder/partial-embedded-texts - 1]
╭─[TL]──────────────────────────────────────────────────[TR]─╮
│Content                                                     │
│with partial embedded texts                                 │
│                                                            │
│                                                            │
│                                                            │
│                                                            │
│                                                            │
│                                                            │
│                                                            │
│                                                            │
╰─[BL]───────────────────────────────────────────────────────╯
---

[TestBorder/single-char-lines - 1]
╭────────────────────────────────────────────────────────────╮
│A                                                           │
│B                                                           │
│C                                                           │
│D                                                           │
│E                                                           │
│                                                            │
│                                                            │
│                                                            │
│                                                            │
│                                                            │
╰────────────────────────────────────────────────────────────╯
---

[TestBorder/single-line-content - 1]
╭────────────────────────────────────────────────────────────╮
│Single line content                                         │
│                                                            │
│                                                            │
│                                                            │
│                                                            │
│                                                            │
│                                                            │
│                                                            │
│                                                            │
│                                                            │
╰────────────────────────────────────────────────────────────╯
---

[TestBorder/small-content - 1]
╭────────────────────────────────────────────────────────────╮
│Hi                                                          │
│                                                            │
│                                                            │
│                                                            │
│                                                            │
│                                                            │
│                                                            │
│                                                            │
│                                                            │
│                                                            │
╰────────────────────────────────────────────────────────────╯
---

[TestBorder/tall-content - 1]
╭────────────────────────────────────────────────────────────╮
│Line 1                                                      │
│Line 2                                                      │
│Line 3                                                      │
│Line 4                                                      │
│Line 5                                                      │
│Line 6                                                      │
│Line 7                                                      │
│Line 8                                                      │
│Line 9                                                      │
│Line 10                                                     │
╰────────────────────────────────────────────────────────────╯
---

[TestBorder/top-left-embedded-text - 1]
╭─[TL]───────────────────────────────────────────────────────╮
│Content                                                     │
│with embedded text                                          │
│                                                            │
│                                                            │
│                                                            │
│                                                            │
│                                                            │
│                                                            │
│                                                            │
│                                                            │
╰────────────────────────────────────────────────────────────╯
---

[TestBorder/top-middle-embedded-text - 1]
╭────────────────────────────[TM]────────────────────────────╮
│Content                                                     │
│with embedded text                                          │
│                                                            │
│                                                            │
│                                                            │
│                                                            │
│                                                            │
│                                                            │
│                                                            │
│                                                            │
╰────────────────────────────────────────────────────────────╯
---

[TestBorder/top-right-embedded-text - 1]
╭───────────────────────────────────────────────────────[TR]─╮
│Content                                                     │
│with embedded text                                          │
│                                                            │
│                                                            │
│                                                            │
│                                                            │
│                                                            │
│                                                            │
│                                                            │
│                                                            │
╰────────────────────────────────────────────────────────────╯
---

[TestBorder/unicode-content - 1]
╭────────────────────────────────────────────────────────────╮
│Unicode content: 🚀🌟🎉                                     │
│More unicode: 🎨🎭🎪                                        │
│                                                            │
│                                                            │
│                                                            │
│                                                            │
│                                                            │
│                                                            │
│                                                            │
│                                                            │
╰────────────────────────────────────────────────────────────╯
---

[TestBorder/unicode-content-with-gradient - 1]
╭────────────────────────────────────────────────────────────╮
│Unicode content: 🚀🌟🎉                                     │
│More unicode: 🎨🎭🎪                                        │
│                                                            │
│                                                            │
│                                                            │
│                                                            │
│                                                            │
│                                                            │
│                                                            │
│                                                            │
╰────────────────────────────────────────────────────────────╯
---

[TestBorder/very-small-content - 1]
╭────────────────────────────────────────────────────────────╮
│A                                                           │
│                                                            │
│                                                            │
│                                                            │
│                                                            │
│                                                            │
│                                                            │
│                                                            │
│                                                            │
│                                                            │
╰────────────────────────────────────────────────────────────╯
---

[TestBorder/very-wide-single-line - 1]
╭────────────────────────────────────────────────────────────╮
│This is an extremely wide line that should test how the     │
│border handles very long content without line breaks        │
│                                                            │
│                                                            │
│                                                            │
│                                                            │
│                                                            │
│                                                            │
│                                                            │
│                                                            │
╰────────────────────────────────────────────────────────────╯
---

[TestBorder/very-wide-single-line-with-gradient - 1]
╭────────────────────────────────────────────────────────────╮
│This is an extremely wide line that should test how the     │
│border handles very long content without line breaks        │
│                                                            │
│                                                            │
│                                                            │
│                                                            │
│                                                            │
│                                                            │
│                                                            │
│                                                            │
╰────────────────────────────────────────────────────────────╯
---

[TestBorder/wide-and-tall-content - 1]
╭────────────────────────────────────────────────────────────╮
│This is a very wide line that should test border rendering  │
│Line 2                                                      │
│Line 3                                                      │
│Line 4                                                      │
│Line 5                                                      │
│                                                            │
│                                                            │
│                                                            │
│                                                            │
│                                                            │
╰────────────────────────────────────────────────────────────╯
---

[TestBorder/wide-content - 1]
╭────────────────────────────────────────────────────────────╮
│This is a very wide content that should test border         │
│rendering with long lines                                   │
│                                                            │
│                                                            │
│                                                            │
│                                                            │
│                                                            │
│                                                            │
│                                                            │
│                                                            │
╰────────────────────────────────────────────────────────────╯
---

[TestBorderEdgeCases/empty-mock-element - 1]
╭─────╮
│Hello│
│World│
╰─────╯
---

[TestBorderEdgeCases/nil-element - 1]
╭─────╮
│Hello│
│World│
╰─────╯
---

[TestBorderEdgeCases/nil-embedded-text - 1]
╭─────╮
│Hello│
│World│
╰─────╯
---

[TestBorderEdgeCases/nil-fg-color - 1]
╭─────╮
│Hello│
│World│
╰─────╯
---

[TestBorderEdgeCases/nil-mock-element - 1]
╭─────╮
│Hello│
│World│
╰─────╯
---
