
[TestScrollbar/large-content-at-bottom - 1]
 
 
 
 
 
 
 
 
 
┃
---

[TestScrollbar/large-content-at-middle - 1]
 
 
 
 
 
┃
 
 
 
 
---

[TestScrollbar/large-content-at-top - 1]
┃
 
 
 
 
 
 
 
 
 
---

[TestScrollbar/medium-content - 1]
┃
┃
 
 
 
 
 
 
 
 
---

[TestScrollbar/no-scroll-needed - 1]
 
 
 
 
 
 
 
 
 
 
---

[TestScrollbar/offset-exceeds-bounds - 1]
 
 
 
 
 
 
 
 
 
┃
---

[TestScrollbar/snapshot-test - 1]
 
 
 
 
 
 
 
 
 
 
┃
┃
┃
┃
 
 
 
 
 
 
---

[TestScrollbar/visible-larger-than-total - 1]
┃
┃
┃
┃
┃
┃
┃
┃
┃
┃
┃
┃
┃
┃
┃
┃
┃
┃
┃
┃
---

[TestScrollbar/zero-height - 1]

---

[TestScrollbar/zero-total - 1]
┃
 
 
 
 
 
 
 
 
 
---
