 Name           Value                                       
 item0          value0                                      
 updated_item1  updated_value1                              
 item3          value3                                      
                                                            
                                                            
                                                            
                                                            