
[TestNew/0-width-height - 1]
[m [m[mmock-page[m[m [m[m                                 [m[m[m [m[m[m:[m[m [m[mcmds[m[m • [m[m?[m[m [m[mhelp[m[m • [m[mctrl+c[m[m [m[mquit[m[m[m [m[m[m [m[1mvex[m[m [m
---

[TestNew/basic-statusbar - 1]
[m [m[mmock-page[m[m [m[m                                 [m[m[m [m[m[m:[m[m [m[mcmds[m[m • [m[m?[m[m [m[mhelp[m[m • [m[mctrl+c[m[m [m[mquit[m[m[m [m[m[m [m[1mvex[m[m [m
---

[TestNew/small-dimensions - 1]
[m [m[mmock-page[m[m [m[m                                 [m[m[m [m[m[m:[m[m [m[mcmds[m[m • [m[m?[m[m [m[mhelp[m[m • [m[mctrl+c[m[m [m[mquit[m[m[m [m[m[m [m[1mvex[m[m [m
---
