
[TestNew/0-width-height - 1]
                                                                            vex 
---

[TestNew/basic-statusbar - 1]
                                                                            vex 
---

[TestNew/small-dimensions - 1]
                                                                            vex 
---
