
[TestNew/0-width-height - 1]

---

[TestNew/2_errors - 1]
                                                                                
                                                                                
                                                                                
                                                                                
                                                                                
                                                                                
                                                                                
                                                                                
                                                                                
                                                                                
                     2 errors ⫻⫻⫻⫻⫻⫻⫻⫻⫻⫻⫻⫻⫻⫻⫻⫻⫻⫻⫻⫻⫻⫻⫻⫻⫻⫻⫻⫻                      
                     ⚠ test error 1                                             
                                                                                
                     ⚠ test error 2                                             
                                                                                
                                                                                
                                                                                
                                                                                
                                                                                
                                                                                
                                                                                
                                                                                
                                                                                
                                                                                
---

[TestNew/too-many-errors - 1]
                                                                                
                                                                                
                                                                                
                                                                                
                                                                                
                                                                                
                                                                                
                                                                                
                                                                                
                                                                                
                                                                                
                     1 errors ⫻⫻⫻⫻⫻⫻⫻⫻⫻⫻⫻⫻⫻⫻⫻⫻⫻⫻⫻⫻⫻⫻⫻⫻⫻⫻⫻⫻                      
                     ⚠ 1 error(s) not shown (screen size)                       
                                                                                
                                                                                
                                                                                
                                                                                
                                                                                
                                                                                
                                                                                
                                                                                
                                                                                
                                                                                
                                                                                
---
