
[TestNew/0-width-height - 1]

---

[TestNew/basic-loader - 1]
                                                                                
                                                                                
                                                                                
                                                                                
                                                                                
                                                                                
                                                                                
                                                                                
                                                                                
                                                                                
                                                                                
                                 <spinner> loading...                                   
                                                                                
                                                                                
                                                                                
                                                                                
                                                                                
                                                                                
                                                                                
                                                                                
                                                                                
                                                                                
                                                                                
                                                                                
---

[TestNew/small-dimensions - 1]
                    
                    
   <spinner> loading...     
                    
                    
---
